// Jest Snapshot v1, https://goo.gl/fbAQLP

exports[`<Paragraph /> should render and match the snapshot 1`] = `
<p
  class="Paragraph"
>
  this is the text
</p>
`;
